...............................................
----------------------------------------------------------------------
Ran 47 tests

OK
