QA output created by 085
Formatting 'TEST_DIR/t.IMGFMT', fmt=IMGFMT size=134217728
Formatting 'TEST_DIR/t.IMGFMT', fmt=IMGFMT size=134217728

=== Running QEMU ===


=== Sending capabilities ===

{"return": {}}

=== Create a single snapshot on virtio0 ===

Formatting 'TEST_DIR/1-snapshot-v0.qcow2', fmt=qcow2 size=134217728 backing_file=TEST_DIR/t.qcow2.1 backing_fmt=qcow2 cluster_size=65536 lazy_refcounts=off refcount_bits=16
{"return": {}}

=== Invalid command - missing device and nodename ===

{"error": {"class": "GenericError", "desc": "Cannot find device= nor node_name="}}

=== Invalid command - missing snapshot-file ===

{"error": {"class": "GenericError", "desc": "Parameter 'snapshot-file' is missing"}}


=== Create several transactional group snapshots ===

Formatting 'TEST_DIR/2-snapshot-v0.qcow2', fmt=qcow2 size=134217728 backing_file=TEST_DIR/1-snapshot-v0.qcow2 backing_fmt=qcow2 cluster_size=65536 lazy_refcounts=off refcount_bits=16
Formatting 'TEST_DIR/2-snapshot-v1.qcow2', fmt=qcow2 size=134217728 backing_file=TEST_DIR/t.qcow2.2 backing_fmt=qcow2 cluster_size=65536 lazy_refcounts=off refcount_bits=16
{"return": {}}
Formatting 'TEST_DIR/3-snapshot-v0.qcow2', fmt=qcow2 size=134217728 backing_file=TEST_DIR/2-snapshot-v0.qcow2 backing_fmt=qcow2 cluster_size=65536 lazy_refcounts=off refcount_bits=16
Formatting 'TEST_DIR/3-snapshot-v1.qcow2', fmt=qcow2 size=134217728 backing_file=TEST_DIR/2-snapshot-v1.qcow2 backing_fmt=qcow2 cluster_size=65536 lazy_refcounts=off refcount_bits=16
{"return": {}}
Formatting 'TEST_DIR/4-snapshot-v0.qcow2', fmt=qcow2 size=134217728 backing_file=TEST_DIR/3-snapshot-v0.qcow2 backing_fmt=qcow2 cluster_size=65536 lazy_refcounts=off refcount_bits=16
Formatting 'TEST_DIR/4-snapshot-v1.qcow2', fmt=qcow2 size=134217728 backing_file=TEST_DIR/3-snapshot-v1.qcow2 backing_fmt=qcow2 cluster_size=65536 lazy_refcounts=off refcount_bits=16
{"return": {}}
Formatting 'TEST_DIR/5-snapshot-v0.qcow2', fmt=qcow2 size=134217728 backing_file=TEST_DIR/4-snapshot-v0.qcow2 backing_fmt=qcow2 cluster_size=65536 lazy_refcounts=off refcount_bits=16
Formatting 'TEST_DIR/5-snapshot-v1.qcow2', fmt=qcow2 size=134217728 backing_file=TEST_DIR/4-snapshot-v1.qcow2 backing_fmt=qcow2 cluster_size=65536 lazy_refcounts=off refcount_bits=16
{"return": {}}
Formatting 'TEST_DIR/6-snapshot-v0.qcow2', fmt=qcow2 size=134217728 backing_file=TEST_DIR/5-snapshot-v0.qcow2 backing_fmt=qcow2 cluster_size=65536 lazy_refcounts=off refcount_bits=16
Formatting 'TEST_DIR/6-snapshot-v1.qcow2', fmt=qcow2 size=134217728 backing_file=TEST_DIR/5-snapshot-v1.qcow2 backing_fmt=qcow2 cluster_size=65536 lazy_refcounts=off refcount_bits=16
{"return": {}}
Formatting 'TEST_DIR/7-snapshot-v0.qcow2', fmt=qcow2 size=134217728 backing_file=TEST_DIR/6-snapshot-v0.qcow2 backing_fmt=qcow2 cluster_size=65536 lazy_refcounts=off refcount_bits=16
Formatting 'TEST_DIR/7-snapshot-v1.qcow2', fmt=qcow2 size=134217728 backing_file=TEST_DIR/6-snapshot-v1.qcow2 backing_fmt=qcow2 cluster_size=65536 lazy_refcounts=off refcount_bits=16
{"return": {}}
Formatting 'TEST_DIR/8-snapshot-v0.qcow2', fmt=qcow2 size=134217728 backing_file=TEST_DIR/7-snapshot-v0.qcow2 backing_fmt=qcow2 cluster_size=65536 lazy_refcounts=off refcount_bits=16
Formatting 'TEST_DIR/8-snapshot-v1.qcow2', fmt=qcow2 size=134217728 backing_file=TEST_DIR/7-snapshot-v1.qcow2 backing_fmt=qcow2 cluster_size=65536 lazy_refcounts=off refcount_bits=16
{"return": {}}
Formatting 'TEST_DIR/9-snapshot-v0.qcow2', fmt=qcow2 size=134217728 backing_file=TEST_DIR/8-snapshot-v0.qcow2 backing_fmt=qcow2 cluster_size=65536 lazy_refcounts=off refcount_bits=16
Formatting 'TEST_DIR/9-snapshot-v1.qcow2', fmt=qcow2 size=134217728 backing_file=TEST_DIR/8-snapshot-v1.qcow2 backing_fmt=qcow2 cluster_size=65536 lazy_refcounts=off refcount_bits=16
{"return": {}}
Formatting 'TEST_DIR/10-snapshot-v0.qcow2', fmt=qcow2 size=134217728 backing_file=TEST_DIR/9-snapshot-v0.qcow2 backing_fmt=qcow2 cluster_size=65536 lazy_refcounts=off refcount_bits=16
Formatting 'TEST_DIR/10-snapshot-v1.qcow2', fmt=qcow2 size=134217728 backing_file=TEST_DIR/9-snapshot-v1.qcow2 backing_fmt=qcow2 cluster_size=65536 lazy_refcounts=off refcount_bits=16
{"return": {}}

=== Create a couple of snapshots using blockdev-snapshot ===

Formatting 'TEST_DIR/t.IMGFMT', fmt=IMGFMT size=134217728 backing_file=TEST_DIR/10-snapshot-v0.IMGFMT
{"return": {}}
{"return": {}}
Formatting 'TEST_DIR/t.IMGFMT', fmt=IMGFMT size=134217728 backing_file=TEST_DIR/11-snapshot-v0.IMGFMT
{"return": {}}
{"return": {}}

=== Invalid command - cannot create a snapshot using a file BDS ===

{"error": {"class": "GenericError", "desc": "The overlay does not support backing images"}}

=== Invalid command - snapshot node used as active layer ===

{"error": {"class": "GenericError", "desc": "The overlay is already in use"}}
{"error": {"class": "GenericError", "desc": "The overlay is already in use"}}
{"error": {"class": "GenericError", "desc": "The overlay is already in use"}}

=== Invalid command - snapshot node used as backing hd ===

{"error": {"class": "GenericError", "desc": "Node 'snap_11' is busy: node is used as backing hd of 'snap_12'"}}

=== Invalid command - snapshot node has a backing image ===

Formatting 'TEST_DIR/t.IMGFMT.base', fmt=IMGFMT size=134217728
Formatting 'TEST_DIR/t.IMGFMT', fmt=IMGFMT size=134217728 backing_file=TEST_DIR/t.IMGFMT.base
{"return": {}}
{"error": {"class": "GenericError", "desc": "The overlay already has a backing image"}}

=== Invalid command - The node does not exist ===

{"error": {"class": "GenericError", "desc": "Cannot find device=snap_14 nor node_name=snap_14"}}
{"error": {"class": "GenericError", "desc": "Cannot find device=nodevice nor node_name=nodevice"}}
*** done
