...............................................................
----------------------------------------------------------------------
Ran 63 tests

OK
