QA output created by 249
Formatting 'TEST_DIR/t.IMGFMT.base', fmt=IMGFMT size=1048576
Formatting 'TEST_DIR/t.IMGFMT.int', fmt=IMGFMT size=1048576 backing_file=TEST_DIR/t.IMGFMT.base
Formatting 'TEST_DIR/t.IMGFMT', fmt=IMGFMT size=1048576 backing_file=TEST_DIR/t.IMGFMT.int
{"return": {}}

=== Send a write command to a drive opened in read-only mode (1)

{"return": "Block node is read-onlyrn"}

=== Run block-commit on base using an invalid filter node name

{"timestamp": {"seconds":  TIMESTAMP, "microseconds":  TIMESTAMP}, "event": "JOB_STATUS_CHANGE", "data": {"status": "created", "id": "job0"}}
{"timestamp": {"seconds":  TIMESTAMP, "microseconds":  TIMESTAMP}, "event": "JOB_STATUS_CHANGE", "data": {"status": "null", "id": "job0"}}
{"error": {"class": "GenericError", "desc": "Invalid node name"}}

=== Send a write command to a drive opened in read-only mode (2)

{"return": "Block node is read-onlyrn"}

=== Run block-commit on base using the default filter node name

{"timestamp": {"seconds":  TIMESTAMP, "microseconds":  TIMESTAMP}, "event": "JOB_STATUS_CHANGE", "data": {"status": "created", "id": "job0"}}
{"timestamp": {"seconds":  TIMESTAMP, "microseconds":  TIMESTAMP}, "event": "JOB_STATUS_CHANGE", "data": {"status": "running", "id": "job0"}}
{"return": {}}
{"timestamp": {"seconds":  TIMESTAMP, "microseconds":  TIMESTAMP}, "event": "JOB_STATUS_CHANGE", "data": {"status": "waiting", "id": "job0"}}
{"timestamp": {"seconds":  TIMESTAMP, "microseconds":  TIMESTAMP}, "event": "JOB_STATUS_CHANGE", "data": {"status": "pending", "id": "job0"}}
{"timestamp": {"seconds":  TIMESTAMP, "microseconds":  TIMESTAMP}, "event": "BLOCK_JOB_COMPLETED", "data": {"device": "job0", "len": 1048576, "offset": 1048576, "speed": 0, "type": "commit"}}
{"timestamp": {"seconds":  TIMESTAMP, "microseconds":  TIMESTAMP}, "event": "JOB_STATUS_CHANGE", "data": {"status": "concluded", "id": "job0"}}
{"timestamp": {"seconds":  TIMESTAMP, "microseconds":  TIMESTAMP}, "event": "JOB_STATUS_CHANGE", "data": {"status": "null", "id": "job0"}}

=== Send a write command to a drive opened in read-only mode (3)

{"return": "Block node is read-onlyrn"}
*** done
