QA output created by 252

=== Test rebase without input base ===

Formatting 'TEST_DIR/t.IMGFMT', fmt=IMGFMT size=393216
Formatting 'TEST_DIR/t.IMGFMT.base_new', fmt=IMGFMT size=393216

wrote 131072/131072 bytes at offset 0
128 KiB, X ops; XX:XX:XX.X (XXX YYY/sec and XXX ops/sec)
wrote 131072/131072 bytes at offset 131072
128 KiB, X ops; XX:XX:XX.X (XXX YYY/sec and XXX ops/sec)
wrote 65536/65536 bytes at offset 0
64 KiB, X ops; XX:XX:XX.X (XXX YYY/sec and XXX ops/sec)
wrote 65536/65536 bytes at offset 131072
64 KiB, X ops; XX:XX:XX.X (XXX YYY/sec and XXX ops/sec)
wrote 65536/65536 bytes at offset 262144
64 KiB, X ops; XX:XX:XX.X (XXX YYY/sec and XXX ops/sec)

read 131072/131072 bytes at offset 0
128 KiB, X ops; XX:XX:XX.X (XXX YYY/sec and XXX ops/sec)
read 131072/131072 bytes at offset 131072
128 KiB, X ops; XX:XX:XX.X (XXX YYY/sec and XXX ops/sec)
read 131072/131072 bytes at offset 262144
128 KiB, X ops; XX:XX:XX.X (XXX YYY/sec and XXX ops/sec)

[{ "start": 0, "length": 262144, "depth": 0, "zero": false, "data": true, "offset": OFFSET},
{ "start": 262144, "length": 131072, "depth": 0, "zero": true, "data": false}]

read 131072/131072 bytes at offset 0
128 KiB, X ops; XX:XX:XX.X (XXX YYY/sec and XXX ops/sec)
read 131072/131072 bytes at offset 131072
128 KiB, X ops; XX:XX:XX.X (XXX YYY/sec and XXX ops/sec)
read 131072/131072 bytes at offset 262144
128 KiB, X ops; XX:XX:XX.X (XXX YYY/sec and XXX ops/sec)

[{ "start": 0, "length": 262144, "depth": 0, "zero": false, "data": true, "offset": OFFSET},
{ "start": 262144, "length": 65536, "depth": 0, "zero": true, "data": false},
{ "start": 327680, "length": 65536, "depth": 1, "zero": true, "data": false}]
*** done
