QA output created by 253

=== Check mapping of unaligned raw image ===

Formatting 'TEST_DIR/t.IMGFMT', fmt=IMGFMT size=1048575
[{ "start": 0, "length": 1048576, "depth": 0, "zero": true, "data": false, "offset": OFFSET}]
[{ "start": 0, "length": 1048576, "depth": 0, "zero": true, "data": false, "offset": OFFSET}]
wrote 65535/65535 bytes at offset 983040
63.999 KiB, X ops; XX:XX:XX.X (XXX YYY/sec and XXX ops/sec)
[{ "start": 0, "length": 983040, "depth": 0, "zero": true, "data": false, "offset": OFFSET},
{ "start": 983040, "length": 65536, "depth": 0, "zero": false, "data": true, "offset": OFFSET}]
[{ "start": 0, "length": 983040, "depth": 0, "zero": true, "data": false, "offset": OFFSET},
{ "start": 983040, "length": 65536, "depth": 0, "zero": false, "data": true, "offset": OFFSET}]
*** done
